// Jest Snapshot v1, https://goo.gl/fbAQLP

exports[`renders App 1`] = `
<div
  className="App"
>
  <div
    className="sc-bcXHqe evUqyv"
  >
    <a
      href="/"
      onClick={[Function]}
    >
      <img
        alt="logo"
        className="logo"
        src="logo.png"
      />
    </a>
    <div>
      <a
        className="lnkBtn"
        href="/auth/register"
        onClick={[Function]}
      >
        register
      </a>
      <a
        className="lnkBtn primary"
        href="/auth"
        onClick={[Function]}
      >
        login
      </a>
    </div>
  </div>
  <div
    className="container"
  >
    <div
      className="sc-gswNZR hyxNuc"
    >
      <div>
        <h1>
          Note - the app that 
          <br />
           simplifies your note-taking!
        </h1>
        <button
          className="btn"
        >
          Try it now!
        </button>
      </div>
      <div>
        <img
          alt=""
          className="img"
          src="note_banner.png"
        />
      </div>
    </div>
  </div>
  <div
    className="sc-dkrFOg iBfJNu"
  >
    <p>
      all rights reserved Â©
    </p>
  </div>
</div>
`;
